
optiboot_attiny45.elf:     file format elf32-avr

Sections:
Idx Name          Size      VMA       LMA       File off  Algn
  0 .text         0000023c  00000dc0  00000dc0  00000094  2**1
                  CONTENTS, ALLOC, LOAD, READONLY, CODE
  1 .version      00000002  00000ffe  00000ffe  000002d0  2**0
                  CONTENTS, ALLOC, LOAD, READONLY, DATA
  2 .data         00000000  00800060  00000ffc  000002d0  2**0
                  CONTENTS, ALLOC, LOAD, DATA
  3 .stab         00000900  00000000  00000000  000002d4  2**2
                  CONTENTS, READONLY, DEBUGGING
  4 .stabstr      00000363  00000000  00000000  00000bd4  2**0
                  CONTENTS, READONLY, DEBUGGING
  5 .comment      00000012  00000000  00000000  00000f37  2**0
                  CONTENTS, READONLY

Disassembly of section .text:

00000dc0 <pre_main>:
/* everything that needs to run VERY early */
void pre_main(void) {
  // Allow convenient way of calling do_spm function - jump table, so
  //   entry to this function will always be here, independent of
  //   compilation, features etc
  asm volatile (
 dc0:	01 c0       	rjmp	.+2      	; 0xdc4 <main>
 dc2:	13 c1       	rjmp	.+550    	; 0xfea <do_spm>

00000dc4 <main>:
 dc4:	11 24       	eor	r1, r1
 dc6:	84 b7       	in	r24, 0x34	; 52
 dc8:	88 23       	and	r24, r24
 dca:	71 f0       	breq	.+28     	; 0xde8 <main+0x24>
 dcc:	98 2f       	mov	r25, r24
 dce:	9a 70       	andi	r25, 0x0A	; 10
 dd0:	92 30       	cpi	r25, 0x02	; 2
 dd2:	51 f0       	breq	.+20     	; 0xde8 <main+0x24>
 dd4:	81 ff       	sbrs	r24, 1
 dd6:	02 c0       	rjmp	.+4      	; 0xddc <main+0x18>
 dd8:	97 ef       	ldi	r25, 0xF7	; 247
 dda:	94 bf       	out	0x34, r25	; 52
 ddc:	28 2e       	mov	r2, r24
 dde:	80 e0       	ldi	r24, 0x00	; 0
 de0:	f1 d0       	rcall	.+482    	; 0xfc4 <watchdogConfig>
 de2:	e6 e0       	ldi	r30, 0x06	; 6
 de4:	ff 27       	eor	r31, r31
 de6:	09 94       	ijmp
 de8:	8e e0       	ldi	r24, 0x0E	; 14
 dea:	ec d0       	rcall	.+472    	; 0xfc4 <watchdogConfig>
 dec:	b8 9a       	sbi	0x17, 0	; 23
 dee:	23 e0       	ldi	r18, 0x03	; 3
 df0:	d2 2e       	mov	r13, r18
 df2:	cc 24       	eor	r12, r12
 df4:	c3 94       	inc	r12
 df6:	35 e0       	ldi	r19, 0x05	; 5
 df8:	93 2e       	mov	r9, r19
 dfa:	4f ed       	ldi	r20, 0xDF	; 223
 dfc:	e4 2e       	mov	r14, r20
 dfe:	46 e0       	ldi	r20, 0x06	; 6
 e00:	f4 2e       	mov	r15, r20
 e02:	8f 2d       	mov	r24, r15
 e04:	80 6c       	ori	r24, 0xC0	; 192
 e06:	88 2e       	mov	r8, r24
 e08:	c9 d0       	rcall	.+402    	; 0xf9c <getch>
 e0a:	81 34       	cpi	r24, 0x41	; 65
 e0c:	71 f4       	brne	.+28     	; 0xe2a <main+0x66>
 e0e:	c6 d0       	rcall	.+396    	; 0xf9c <getch>
 e10:	18 2f       	mov	r17, r24
 e12:	dc d0       	rcall	.+440    	; 0xfcc <verifySpace>
 e14:	82 e0       	ldi	r24, 0x02	; 2
 e16:	12 38       	cpi	r17, 0x82	; 130
 e18:	21 f0       	breq	.+8      	; 0xe22 <main+0x5e>
 e1a:	88 e0       	ldi	r24, 0x08	; 8
 e1c:	11 38       	cpi	r17, 0x81	; 129
 e1e:	09 f0       	breq	.+2      	; 0xe22 <main+0x5e>
 e20:	83 e0       	ldi	r24, 0x03	; 3
 e22:	ad d0       	rcall	.+346    	; 0xf7e <putch>
 e24:	80 e1       	ldi	r24, 0x10	; 16
 e26:	ab d0       	rcall	.+342    	; 0xf7e <putch>
 e28:	ef cf       	rjmp	.-34     	; 0xe08 <main+0x44>
 e2a:	82 34       	cpi	r24, 0x42	; 66
 e2c:	19 f4       	brne	.+6      	; 0xe34 <main+0x70>
 e2e:	84 e1       	ldi	r24, 0x14	; 20
 e30:	d5 d0       	rcall	.+426    	; 0xfdc <getNch>
 e32:	f8 cf       	rjmp	.-16     	; 0xe24 <main+0x60>
 e34:	85 34       	cpi	r24, 0x45	; 69
 e36:	11 f4       	brne	.+4      	; 0xe3c <main+0x78>
 e38:	85 e0       	ldi	r24, 0x05	; 5
 e3a:	fa cf       	rjmp	.-12     	; 0xe30 <main+0x6c>
 e3c:	85 35       	cpi	r24, 0x55	; 85
 e3e:	41 f4       	brne	.+16     	; 0xe50 <main+0x8c>
 e40:	ad d0       	rcall	.+346    	; 0xf9c <getch>
 e42:	c8 2f       	mov	r28, r24
 e44:	ab d0       	rcall	.+342    	; 0xf9c <getch>
 e46:	d8 2f       	mov	r29, r24
 e48:	cc 0f       	add	r28, r28
 e4a:	dd 1f       	adc	r29, r29
 e4c:	bf d0       	rcall	.+382    	; 0xfcc <verifySpace>
 e4e:	ea cf       	rjmp	.-44     	; 0xe24 <main+0x60>
 e50:	86 35       	cpi	r24, 0x56	; 86
 e52:	21 f4       	brne	.+8      	; 0xe5c <main+0x98>
 e54:	84 e0       	ldi	r24, 0x04	; 4
 e56:	c2 d0       	rcall	.+388    	; 0xfdc <getNch>
 e58:	80 e0       	ldi	r24, 0x00	; 0
 e5a:	e3 cf       	rjmp	.-58     	; 0xe22 <main+0x5e>
 e5c:	84 36       	cpi	r24, 0x64	; 100
 e5e:	09 f0       	breq	.+2      	; 0xe62 <main+0x9e>
 e60:	56 c0       	rjmp	.+172    	; 0xf0e <main+0x14a>
 e62:	9c d0       	rcall	.+312    	; 0xf9c <getch>
 e64:	9b d0       	rcall	.+310    	; 0xf9c <getch>
 e66:	78 2e       	mov	r7, r24
 e68:	99 d0       	rcall	.+306    	; 0xf9c <getch>
 e6a:	68 2e       	mov	r6, r24
 e6c:	00 e6       	ldi	r16, 0x60	; 96
 e6e:	10 e0       	ldi	r17, 0x00	; 0
 e70:	80 e6       	ldi	r24, 0x60	; 96
 e72:	58 2e       	mov	r5, r24
 e74:	57 0c       	add	r5, r7
 e76:	58 01       	movw	r10, r16
 e78:	0f 5f       	subi	r16, 0xFF	; 255
 e7a:	1f 4f       	sbci	r17, 0xFF	; 255
 e7c:	8f d0       	rcall	.+286    	; 0xf9c <getch>
 e7e:	f5 01       	movw	r30, r10
 e80:	80 83       	st	Z, r24
 e82:	50 12       	cpse	r5, r16
 e84:	f8 cf       	rjmp	.-16     	; 0xe76 <main+0xb2>
 e86:	a2 d0       	rcall	.+324    	; 0xfcc <verifySpace>
 e88:	20 97       	sbiw	r28, 0x00	; 0
 e8a:	f9 f4       	brne	.+62     	; 0xeca <main+0x106>
 e8c:	90 91 60 00 	lds	r25, 0x0060	; 0x800060 <_edata>
 e90:	90 93 e4 00 	sts	0x00E4, r25	; 0x8000e4 <_edata+0x84>
 e94:	80 91 61 00 	lds	r24, 0x0061	; 0x800061 <_edata+0x1>
 e98:	80 93 e5 00 	sts	0x00E5, r24	; 0x8000e5 <_edata+0x85>
 e9c:	e0 92 60 00 	sts	0x0060, r14	; 0x800060 <_edata>
 ea0:	80 92 61 00 	sts	0x0061, r8	; 0x800061 <_edata+0x1>
 ea4:	40 91 6c 00 	lds	r20, 0x006C	; 0x80006c <_edata+0xc>
 ea8:	40 93 e6 00 	sts	0x00E6, r20	; 0x8000e6 <_edata+0x86>
 eac:	40 91 6d 00 	lds	r20, 0x006D	; 0x80006d <_edata+0xd>
 eb0:	40 93 e7 00 	sts	0x00E7, r20	; 0x8000e7 <_edata+0x87>
 eb4:	29 2f       	mov	r18, r25
 eb6:	38 2f       	mov	r19, r24
 eb8:	26 50       	subi	r18, 0x06	; 6
 eba:	31 09       	sbc	r19, r1
 ebc:	20 93 6c 00 	sts	0x006C, r18	; 0x80006c <_edata+0xc>
 ec0:	83 2f       	mov	r24, r19
 ec2:	8f 70       	andi	r24, 0x0F	; 15
 ec4:	80 6c       	ori	r24, 0xC0	; 192
 ec6:	80 93 6d 00 	sts	0x006D, r24	; 0x80006d <_edata+0xd>
 eca:	f5 e4       	ldi	r31, 0x45	; 69
 ecc:	6f 12       	cpse	r6, r31
 ece:	01 c0       	rjmp	.+2      	; 0xed2 <main+0x10e>
 ed0:	ff cf       	rjmp	.-2      	; 0xed0 <main+0x10c>
 ed2:	fe 01       	movw	r30, r28
 ed4:	d7 be       	out	0x37, r13	; 55
 ed6:	e8 95       	spm
 ed8:	07 b6       	in	r0, 0x37	; 55
 eda:	00 fc       	sbrc	r0, 0
 edc:	fd cf       	rjmp	.-6      	; 0xed8 <main+0x114>
 ede:	90 e0       	ldi	r25, 0x00	; 0
 ee0:	80 e0       	ldi	r24, 0x00	; 0
 ee2:	fc 01       	movw	r30, r24
 ee4:	ec 0f       	add	r30, r28
 ee6:	fd 1f       	adc	r31, r29
 ee8:	dc 01       	movw	r26, r24
 eea:	a0 5a       	subi	r26, 0xA0	; 160
 eec:	bf 4f       	sbci	r27, 0xFF	; 255
 eee:	2d 91       	ld	r18, X+
 ef0:	3c 91       	ld	r19, X
 ef2:	09 01       	movw	r0, r18
 ef4:	c7 be       	out	0x37, r12	; 55
 ef6:	e8 95       	spm
 ef8:	11 24       	eor	r1, r1
 efa:	02 96       	adiw	r24, 0x02	; 2
 efc:	78 12       	cpse	r7, r24
 efe:	f1 cf       	rjmp	.-30     	; 0xee2 <main+0x11e>
 f00:	fe 01       	movw	r30, r28
 f02:	97 be       	out	0x37, r9	; 55
 f04:	e8 95       	spm
 f06:	07 b6       	in	r0, 0x37	; 55
 f08:	00 fc       	sbrc	r0, 0
 f0a:	fd cf       	rjmp	.-6      	; 0xf06 <main+0x142>
 f0c:	8b cf       	rjmp	.-234    	; 0xe24 <main+0x60>
 f0e:	84 37       	cpi	r24, 0x74	; 116
 f10:	39 f5       	brne	.+78     	; 0xf60 <main+0x19c>
 f12:	44 d0       	rcall	.+136    	; 0xf9c <getch>
 f14:	43 d0       	rcall	.+134    	; 0xf9c <getch>
 f16:	b8 2e       	mov	r11, r24
 f18:	41 d0       	rcall	.+130    	; 0xf9c <getch>
 f1a:	58 d0       	rcall	.+176    	; 0xfcc <verifySpace>
 f1c:	8e 01       	movw	r16, r28
 f1e:	bc 0e       	add	r11, r28
 f20:	01 15       	cp	r16, r1
 f22:	11 05       	cpc	r17, r1
 f24:	41 f4       	brne	.+16     	; 0xf36 <main+0x172>
 f26:	80 91 e4 00 	lds	r24, 0x00E4	; 0x8000e4 <_edata+0x84>
 f2a:	29 d0       	rcall	.+82     	; 0xf7e <putch>
 f2c:	0f 5f       	subi	r16, 0xFF	; 255
 f2e:	1f 4f       	sbci	r17, 0xFF	; 255
 f30:	b0 12       	cpse	r11, r16
 f32:	f6 cf       	rjmp	.-20     	; 0xf20 <main+0x15c>
 f34:	77 cf       	rjmp	.-274    	; 0xe24 <main+0x60>
 f36:	01 30       	cpi	r16, 0x01	; 1
 f38:	11 05       	cpc	r17, r1
 f3a:	19 f4       	brne	.+6      	; 0xf42 <main+0x17e>
 f3c:	80 91 e5 00 	lds	r24, 0x00E5	; 0x8000e5 <_edata+0x85>
 f40:	f4 cf       	rjmp	.-24     	; 0xf2a <main+0x166>
 f42:	0c 30       	cpi	r16, 0x0C	; 12
 f44:	11 05       	cpc	r17, r1
 f46:	19 f4       	brne	.+6      	; 0xf4e <main+0x18a>
 f48:	80 91 e6 00 	lds	r24, 0x00E6	; 0x8000e6 <_edata+0x86>
 f4c:	ee cf       	rjmp	.-36     	; 0xf2a <main+0x166>
 f4e:	0d 30       	cpi	r16, 0x0D	; 13
 f50:	11 05       	cpc	r17, r1
 f52:	19 f4       	brne	.+6      	; 0xf5a <main+0x196>
 f54:	80 91 e7 00 	lds	r24, 0x00E7	; 0x8000e7 <_edata+0x87>
 f58:	e8 cf       	rjmp	.-48     	; 0xf2a <main+0x166>
 f5a:	f8 01       	movw	r30, r16
 f5c:	84 91       	lpm	r24, Z
 f5e:	e5 cf       	rjmp	.-54     	; 0xf2a <main+0x166>
 f60:	85 37       	cpi	r24, 0x75	; 117
 f62:	39 f4       	brne	.+14     	; 0xf72 <main+0x1ae>
 f64:	33 d0       	rcall	.+102    	; 0xfcc <verifySpace>
 f66:	8e e1       	ldi	r24, 0x1E	; 30
 f68:	0a d0       	rcall	.+20     	; 0xf7e <putch>
 f6a:	82 e9       	ldi	r24, 0x92	; 146
 f6c:	08 d0       	rcall	.+16     	; 0xf7e <putch>
 f6e:	86 e0       	ldi	r24, 0x06	; 6
 f70:	58 cf       	rjmp	.-336    	; 0xe22 <main+0x5e>
 f72:	81 35       	cpi	r24, 0x51	; 81
 f74:	09 f0       	breq	.+2      	; 0xf78 <main+0x1b4>
 f76:	6a cf       	rjmp	.-300    	; 0xe4c <main+0x88>
 f78:	88 e0       	ldi	r24, 0x08	; 8
 f7a:	24 d0       	rcall	.+72     	; 0xfc4 <watchdogConfig>
 f7c:	67 cf       	rjmp	.-306    	; 0xe4c <main+0x88>

00000f7e <putch>:
  RS485_PORT &= ~_BV(RS485_BIT);
  #else
  RS485_PORT |= _BV(RS485_BIT);
  #endif
#endif
  __asm__ __volatile__ (
 f7e:	2a e0       	ldi	r18, 0x0A	; 10
 f80:	30 e0       	ldi	r19, 0x00	; 0
 f82:	80 95       	com	r24
 f84:	08 94       	sec
 f86:	10 f4       	brcc	.+4      	; 0xf8c <putch+0xe>
 f88:	c0 98       	cbi	0x18, 0	; 24
 f8a:	02 c0       	rjmp	.+4      	; 0xf90 <putch+0x12>
 f8c:	c0 9a       	sbi	0x18, 0	; 24
 f8e:	00 00       	nop
 f90:	15 d0       	rcall	.+42     	; 0xfbc <uartDelay>
 f92:	14 d0       	rcall	.+40     	; 0xfbc <uartDelay>
 f94:	86 95       	lsr	r24
 f96:	2a 95       	dec	r18
 f98:	b1 f7       	brne	.-20     	; 0xf86 <putch+0x8>
  #else
  RS485_PORT &= ~_BV(RS485_BIT);
  #endif
#endif
#endif // SOFT_UART
}
 f9a:	08 95       	ret

00000f9c <getch>:
}
#endif

// Watchdog functions. These are only safe with interrupts turned off.
void watchdogReset() {
  __asm__ __volatile__ (
 f9c:	a8 95       	wdr
  __asm__ __volatile__ (
 f9e:	29 e0       	ldi	r18, 0x09	; 9
 fa0:	30 e0       	ldi	r19, 0x00	; 0
 fa2:	b1 99       	sbic	0x16, 1	; 22
 fa4:	fe cf       	rjmp	.-4      	; 0xfa2 <getch+0x6>
 fa6:	0a d0       	rcall	.+20     	; 0xfbc <uartDelay>
 fa8:	09 d0       	rcall	.+18     	; 0xfbc <uartDelay>
 faa:	08 d0       	rcall	.+16     	; 0xfbc <uartDelay>
 fac:	88 94       	clc
 fae:	b1 99       	sbic	0x16, 1	; 22
 fb0:	08 94       	sec
 fb2:	2a 95       	dec	r18
 fb4:	11 f0       	breq	.+4      	; 0xfba <getch+0x1e>
 fb6:	87 95       	ror	r24
 fb8:	f7 cf       	rjmp	.-18     	; 0xfa8 <getch+0xc>
}
 fba:	08 95       	ret

00000fbc <uartDelay>:
  __asm__ __volatile__ (
 fbc:	9c e9       	ldi	r25, 0x9C	; 156
 fbe:	9a 95       	dec	r25
 fc0:	f1 f7       	brne	.-4      	; 0xfbe <uartDelay+0x2>
 fc2:	08 95       	ret

00000fc4 <watchdogConfig>:
void watchdogConfig(uint8_t x) {
#ifdef WDCE //does it have a Watchdog Change Enable?
#ifdef WDTCSR
  WDTCSR = _BV(WDCE) | _BV(WDE);
#else
  WDTCR= _BV(WDCE) | _BV(WDE);
 fc4:	98 e1       	ldi	r25, 0x18	; 24
 fc6:	91 bd       	out	0x21, r25	; 33
#endif

#ifdef WDTCSR
  WDTCSR = x;
#else
  WDTCR= x;
 fc8:	81 bd       	out	0x21, r24	; 33
#endif
}
 fca:	08 95       	ret

00000fcc <verifySpace>:
  if (getch() != CRC_EOP) {
 fcc:	e7 df       	rcall	.-50     	; 0xf9c <getch>
 fce:	80 32       	cpi	r24, 0x20	; 32
 fd0:	19 f0       	breq	.+6      	; 0xfd8 <verifySpace+0xc>
    watchdogConfig(WATCHDOG_16MS);    // shorten WD timeout
 fd2:	88 e0       	ldi	r24, 0x08	; 8
 fd4:	f7 df       	rcall	.-18     	; 0xfc4 <watchdogConfig>
 fd6:	ff cf       	rjmp	.-2      	; 0xfd6 <verifySpace+0xa>
  putch(STK_INSYNC);
 fd8:	84 e1       	ldi	r24, 0x14	; 20
 fda:	d1 cf       	rjmp	.-94     	; 0xf7e <putch>

00000fdc <getNch>:
void getNch(uint8_t count) {
 fdc:	cf 93       	push	r28
 fde:	c8 2f       	mov	r28, r24
  do getch(); while (--count);
 fe0:	dd df       	rcall	.-70     	; 0xf9c <getch>
 fe2:	c1 50       	subi	r28, 0x01	; 1
 fe4:	e9 f7       	brne	.-6      	; 0xfe0 <getNch+0x4>
}
 fe6:	cf 91       	pop	r28
  verifySpace();
 fe8:	f1 cf       	rjmp	.-30     	; 0xfcc <verifySpace>

00000fea <do_spm>:
 *   data=0 in WRITE
 */
static void do_spm(uint16_t address, uint8_t command, uint16_t data)  __attribute__ ((used));
static void do_spm(uint16_t address, uint8_t command, uint16_t data) {
  // Do spm stuff
  asm volatile (
 fea:	fc 01       	movw	r30, r24
 fec:	0a 01       	movw	r0, r20
 fee:	67 bf       	out	0x37, r22	; 55
 ff0:	e8 95       	spm
 ff2:	11 24       	eor	r1, r1
    );

  // wait for spm to complete
  //   it doesn't have much sense for __BOOT_PAGE_FILL,
  //   but it doesn't hurt and saves some bytes on 'if'
  boot_spm_busy_wait();
 ff4:	07 b6       	in	r0, 0x37	; 55
 ff6:	00 fc       	sbrc	r0, 0
 ff8:	fd cf       	rjmp	.-6      	; 0xff4 <do_spm+0xa>
  if ((command & (_BV(PGWRT)|_BV(PGERS))) && (data == 0) ) {
    // Reenable read access to flash
    __boot_rww_enable_short();
  }
#endif
}
 ffa:	08 95       	ret
